
  EPA STORM WATER MANAGEMENT MODEL - VERSION 5.2 (Build 5.2.4)
  PYSWMM TOOLKIT API - VERSION v1.0 (2025-07-02)
  ------------------------------------------------------------

  Example 1 
  
  ****************
  Analysis Options
  ****************
  Flow Units ............... CMS
  Process Models:
    Rainfall/Runoff ........ YES
    RDII ................... NO
    Snowmelt ............... NO
    Groundwater ............ NO
    Flow Routing ........... YES
    Ponding Allowed ........ NO
    Water Quality .......... YES
  Infiltration Method ...... HORTON
  Flow Routing Method ...... KINWAVE
  Starting Date ............ 01/01/1998 00:00:00
  Ending Date .............. 01/02/1998 12:00:00
  Antecedent Dry Days ...... 5.0
  Report Time Step ......... 01:00:00
  Wet Time Step ............ 00:15:00
  Dry Time Step ............ 01:00:00
  Routing Time Step ........ 60.00 sec
  
  
  **************************        Volume         Depth
  Runoff Quantity Continuity     hectare-m            mm
  **************************     ---------       -------
  Initial LID Storage ......         0.165         2.324
  Total Precipitation ......         0.188         2.650
  Evaporation Loss .........         0.000         0.000
  Infiltration Loss ........         0.114         1.599
  Surface Runoff ...........         0.054         0.755
  Final Storage ............         0.186         2.623
  Continuity Error (%) .....        -0.072
  
  
  **************************           TSS          Lead
  Runoff Quality Continuity             kg            kg
  **************************    ----------    ----------
  Initial Buildup ..........      3433.036         0.000
  Surface Buildup ..........       322.571         0.064
  Wet Deposition ...........         0.000         0.000
  Sweeping Removal .........         0.000         0.000
  Infiltration Loss ........         0.000         0.000
  BMP Removal ..............        30.978         0.006
  Surface Runoff ...........       286.091         0.057
  Remaining Buildup ........      3433.927         0.000
  Continuity Error (%) .....         0.123         0.000
  
  
  **************************        Volume        Volume
  Flow Routing Continuity        hectare-m      10^6 ltr
  **************************     ---------     ---------
  Dry Weather Inflow .......         0.000         0.000
  Wet Weather Inflow .......         0.054         0.536
  Groundwater Inflow .......         0.000         0.000
  RDII Inflow ..............         0.000         0.000
  External Inflow ..........         0.000         0.000
  External Outflow .........         0.054         0.535
  Flooding Loss ............         0.000         0.000
  Evaporation Loss .........         0.000         0.000
  Exfiltration Loss ........         0.000         0.000
  Initial Stored Volume ....         0.000         0.000
  Final Stored Volume ......         0.000         0.002
  Continuity Error (%) .....        -0.168
  
  
  **************************           TSS          Lead
  Quality Routing Continuity            kg            kg
  **************************    ----------    ----------
  Dry Weather Inflow .......         0.000         0.000
  Wet Weather Inflow .......       286.091         0.057
  Groundwater Inflow .......         0.000         0.000
  RDII Inflow ..............         0.000         0.000
  External Inflow ..........         0.000         0.000
  External Outflow .........       287.941         0.058
  Flooding Loss ............         0.000         0.000
  Exfiltration Loss ........         0.000         0.000
  Mass Reacted .............         0.000         0.000
  Initial Stored Mass ......         0.000         0.000
  Final Stored Mass ........         0.041         0.000
  Continuity Error (%) .....        -0.661        -0.661
  
  
  ********************************
  Highest Flow Instability Indexes
  ********************************
  All links are stable.
  
  
  *************************
  Routing Time Step Summary
  *************************
  Minimum Time Step           :    60.00 sec
  Average Time Step           :    60.00 sec
  Maximum Time Step           :    60.00 sec
  % of Time in Steady State   :     0.00
  Average Iterations per Step :     1.00
  % of Steps Not Converging   :     0.00
  
  
  ***************************
  Subcatchment Runoff Summary
  ***************************
  
  ------------------------------------------------------------------------------------------------------------------------------
                            Total      Total      Total      Total     Imperv       Perv      Total       Total     Peak  Runoff
                           Precip      Runon       Evap      Infil     Runoff     Runoff     Runoff      Runoff   Runoff   Coeff
  Subcatchment                 mm         mm         mm         mm         mm         mm         mm    10^6 ltr      CMS
  ------------------------------------------------------------------------------------------------------------------------------
  1                          2.65       0.00       0.00       1.29       1.30       0.04       1.34        0.13     0.01   0.507
  2                          2.65       0.00       0.00       1.30       1.30       0.02       1.33        0.13     0.01   0.501
  3                          2.65       0.00       0.00       1.28       1.31       0.05       1.36        0.07     0.01   0.512
  4                          2.65       0.00       0.00       1.28       1.31       0.05       1.36        0.07     0.01   0.512
  5                          2.65       0.00       0.00       0.91       0.91       0.02       0.38        0.06     0.00   0.144
  6                          2.65       0.00       0.00       2.36       0.26       0.02       0.28        0.03     0.00   0.107
  7                          2.65       0.00       0.00       2.32       0.26       0.06       0.32        0.01     0.00   0.122
  8                          2.65       0.00       0.00       2.36       0.26       0.03       0.29        0.03     0.00   0.109
  

  ***********************
  LID Performance Summary
  ***********************

  --------------------------------------------------------------------------------------------------------------------
                                         Total      Evap     Infil   Surface    Drain    Initial     Final  Continuity
                                        Inflow      Loss      Loss   Outflow   Outflow   Storage   Storage       Error
  Subcatchment      LID Control             mm        mm        mm        mm        mm        mm        mm           %
  --------------------------------------------------------------------------------------------------------------------
  5                 PP                    4.47      0.00      0.00      0.00      0.00     50.00     54.47        0.00
  5                 BC                    4.47      0.00      0.00      0.00      0.00     50.00     54.47        0.00
  5                 RD                    4.47      0.00      0.00      0.00      0.00      0.00      4.47        0.01
  5                 GR                    4.47      0.00      0.00      0.00      0.00     50.00     54.47        0.00
  
  ****************************
  Subcatchment Washoff Summary
  ****************************
  
  ------------------------------------------------
                                 TSS          Lead
  Subcatchment                    kg            kg
  ------------------------------------------------
  1                           43.626         0.009
  2                           83.099         0.017
  3                           22.351         0.004
  4                           42.096         0.008
  5                            9.057         0.002
  6                           38.225         0.008
  7                           15.434         0.003
  8                           32.203         0.006
  ------------------------------------------------
  System                     286.091         0.057
  
  
  ******************
  Node Depth Summary
  ******************
  
  ---------------------------------------------------------------------------------
                                 Average  Maximum  Maximum  Time of Max    Reported
                                   Depth    Depth      HGL   Occurrence   Max Depth
  Node                 Type       Meters   Meters   Meters  days hr:min      Meters
  ---------------------------------------------------------------------------------
  9                    JUNCTION     0.01     0.04  1000.04     0  04:01        0.04
  10                   JUNCTION     0.01     0.06   995.06     0  04:01        0.06
  13                   JUNCTION     0.00     0.03   995.03     0  04:01        0.03
  14                   JUNCTION     0.01     0.03   990.03     0  04:03        0.03
  15                   JUNCTION     0.01     0.05   987.05     0  04:01        0.04
  16                   JUNCTION     0.01     0.07   985.07     0  04:03        0.07
  17                   JUNCTION     0.01     0.07   980.07     0  04:08        0.07
  19                   JUNCTION     0.00     0.01  1010.01     0  04:01        0.01
  20                   JUNCTION     0.00     0.01  1005.01     0  04:02        0.01
  21                   JUNCTION     1.01     1.06   991.06     0  04:04        1.06
  22                   JUNCTION     1.01     1.05   988.05     0  04:06        1.05
  23                   JUNCTION     0.00     0.02   990.02     0  04:01        0.02
  24                   JUNCTION     0.01     0.07   984.07     0  04:04        0.07
  18                   OUTFALL      0.01     0.06   975.06     0  04:12        0.06
  
  
  *******************
  Node Inflow Summary
  *******************
  
  -------------------------------------------------------------------------------------------------
                                  Maximum  Maximum                  Lateral       Total        Flow
                                  Lateral    Total  Time of Max      Inflow      Inflow     Balance
                                   Inflow   Inflow   Occurrence      Volume      Volume       Error
  Node                 Type           CMS      CMS  days hr:min    10^6 ltr    10^6 ltr     Percent
  -------------------------------------------------------------------------------------------------
  9                    JUNCTION     0.011    0.011     0  04:01       0.134       0.134       0.000
  10                   JUNCTION     0.011    0.022     0  04:01       0.133       0.267       0.000
  13                   JUNCTION     0.006    0.006     0  04:01      0.0678      0.0678       0.000
  14                   JUNCTION     0.000    0.006     0  04:03           0      0.0678       0.000
  15                   JUNCTION     0.005    0.010     0  04:01      0.0572       0.125       0.000
  16                   JUNCTION     0.000    0.039     0  04:03           0       0.473       0.000
  17                   JUNCTION     0.000    0.042     0  04:08           0       0.507       0.000
  19                   JUNCTION     0.001    0.001     0  04:01      0.0129      0.0129       0.000
  20                   JUNCTION     0.000    0.001     0  04:02           0      0.0129       0.000
  21                   JUNCTION     0.000    0.023     0  04:04           0        0.28       0.000
  22                   JUNCTION     0.006    0.029     0  04:01      0.0678       0.348       0.000
  23                   JUNCTION     0.003    0.003     0  04:01      0.0341      0.0341       0.000
  24                   JUNCTION     0.000    0.042     0  04:04           0       0.507       0.000
  18                   OUTFALL      0.002    0.044     0  04:09      0.0289       0.535       0.000
  
  
  *********************
  Node Flooding Summary
  *********************
  
  No nodes were flooded.
  
  
  ***********************
  Outfall Loading Summary
  ***********************
  
  ---------------------------------------------------------------------------------------
                         Flow       Avg       Max       Total         Total         Total
                         Freq      Flow      Flow      Volume           TSS          Lead
  Outfall Node           Pcnt       CMS       CMS    10^6 ltr            kg            kg
  ---------------------------------------------------------------------------------------
  18                    72.04     0.006     0.044       0.535       287.941         0.058
  ---------------------------------------------------------------------------------------
  System                72.04     0.006     0.044       0.535       287.941         0.058
  
  
  ********************
  Link Flow Summary
  ********************
  
  -----------------------------------------------------------------------------
                                 Maximum  Time of Max   Maximum    Max/    Max/
                                  |Flow|   Occurrence   |Veloc|    Full    Full
  Link                 Type          CMS  days hr:min     m/sec    Flow   Depth
  -----------------------------------------------------------------------------
  1                    CONDUIT     0.011     0  04:03      0.97    0.00    0.02
  4                    CONDUIT     0.001     0  04:02      0.61    0.00    0.01
  5                    CONDUIT     0.001     0  04:05      0.84    0.00    0.01
  6                    CONDUIT     0.022     0  04:04      1.16    0.01    0.06
  7                    CONDUIT     0.023     0  04:06      1.06    0.00    0.03
  8                    CONDUIT     0.029     0  04:03      0.98    0.00    0.03
  10                   CONDUIT     0.042     0  04:12      1.36    0.00    0.03
  11                   CONDUIT     0.006     0  04:03      0.80    0.00    0.02
  12                   CONDUIT     0.006     0  04:08      0.68    0.00    0.02
  13                   CONDUIT     0.010     0  04:04      0.69    0.00    0.03
  14                   CONDUIT     0.003     0  04:03      0.75    0.00    0.02
  15                   CONDUIT     0.039     0  04:05      1.23    0.00    0.03
  16                   CONDUIT     0.042     0  04:08      1.26    0.00    0.03
  
  
  *************************
  Conduit Surcharge Summary
  *************************
  
  No conduits were surcharged.
  
  
  ***************************
  Link Pollutant Load Summary
  ***************************
  
  ------------------------------------------------
                                 TSS          Lead
  Link                            kg            kg
  ------------------------------------------------
  1                           43.656         0.009
  4                           15.479         0.003
  5                           15.483         0.003
  6                          126.995         0.025
  7                          142.722         0.029
  8                          185.178         0.037
  10                         255.739         0.051
  11                          22.373         0.004
  12                          22.363         0.004
  13                          31.346         0.006
  14                          38.169         0.008
  15                         216.864         0.043
  16                         255.392         0.051
  

  Analysis begun on:  Fri Sep 26 06:13:04 2025
  Analysis ended on:  Fri Sep 26 06:13:04 2025
  Total elapsed time: < 1 sec